com.evalvis.post.PostTests.createsPost=[
  {
    "author": "author",
    "id": "#hidden#",
    "title": "title"
  }
]